// 重构日志: 9b9ab1f7
// 重构日志: f6b31164
// 重构日志: 527f7dc1
// 重构日志: 1dd6803e
// 同步 ID: 293ff2eb @ Sun Jul 26 10:37:23 UTC 2026
// 同步 ID: d588f500 @ Sun Jul 26 15:14:24 UTC 2026
// 同步 ID: 90ae91e8 @ Tue Jul 28 05:25:56 UTC 2026
// 重构日志: cc1a2ce9
// 同步 ID: d95cbd0f @ Wed Jul 29 11:16:56 UTC 2026
// 重构日志: 1a1f1097
// 重构日志: 3b990c93
// 重构日志: 80405e6e
// 同步 ID: 5baf9325 @ Fri Jul 31 06:19:26 UTC 2026
// 重构日志: 02919bc5
// 重构日志: a043a937
// 重构日志: 5baff29f
// 同步 ID: bffde179 @ Sat Aug  1 08:55:04 UTC 2026
// 重构日志: 73fca77a
// 重构日志: 74ac6f9a
// 重构日志: d164e79b
// 重构日志: be0b27e4
// 重构日志: 9810e1ef
// 同步 ID: 50a6365a @ Sun Aug  2 11:18:47 UTC 2026
// 同步 ID: 2481bfb9 @ Sun Aug  2 16:43:35 UTC 2026
// 重构日志: 817ded45
// 重构日志: bbe9156d
// 同步 ID: f7611986 @ Mon Aug  3 16:28:24 UTC 2026
// 同步 ID: 03c3fc18 @ Mon Aug  3 23:23:43 UTC 2026
// 同步 ID: f6fcbf87 @ Wed Aug  5 20:01:09 UTC 2026
// 同步 ID: 0448ed67 @ Thu Aug  6 01:29:45 UTC 2026
// 重构日志: 2feba3f8
